// Jest Snapshot v1, https://goo.gl/fbAQLP

exports[`bdx exports modules correctly 1`] = `
Array [
  "SpanEdit",
  "SortArrow",
  "TitleTag",
]
`;
